2026-08-26 08:45:08	INFO	::casa	
2026-08-26 08:45:08	INFO	::casa	data_update: version installed or checked less than 1 day ago, nothing updated or checked
2026-08-26 08:45:08	SEVERE	::casa	
2026-08-26 08:45:08	SEVERE	::casa	ERROR! Unexpected exception while doing auto updates or checking on the status of the data at measurespath
2026-08-26 08:45:08	SEVERE	::casa	visit https://casadocs.readthedocs.io/en/stable/notebooks/external-data.html for more information
2026-08-26 08:45:08	SEVERE	::casa	
2026-08-26 08:45:08	INFO	::casa	
2026-08-26 08:45:08	INFO	::casa	Python version 3.8.20
2026-08-26 08:45:08	INFO	::casa	CASA Version MODULAR 6.6.5.31
2026-08-26 08:45:08	INFO	importfits::::casa	##########################################
2026-08-26 08:45:08	INFO	importfits::::casa	##### Begin Task: importfits         #####
2026-08-26 08:45:08	INFO	importfits::::casa	importfits( fitsimage='alma_rotating_expanding_envelope.fits', imagename='alma_rotating_expanding_envelope.image', whichrep=0, whichhdu=-1, zeroblanks=True, overwrite=True, defaultaxes=False, defaultaxesvalues=[], beam=[] )
2026-08-26 08:45:08	INFO	importfits::::	FITS card 20: CRPIX3  =                    1                                                  
2026-08-26 08:45:08	INFO	importfits::::	Keyword value has wrong data type.
2026-08-26 08:45:08	INFO	importfits::::	... converted to type double.
2026-08-26 08:45:08	INFO	importfits::::ImageFITSConverter	Processing HDU 0
2026-08-26 08:45:08	WARN	importfits::FITSCoordinateUtil::fromFITSHeader	Zero or no rest frequency provided for velocity axis.
2026-08-26 08:45:08	WARN	importfits::::ImageFITSConverter	This HDU (0) did not contain a legible image.
2026-08-26 08:45:08	WARN	importfits::::ImageFITSConverter	Next candidate image HDU is #1
2026-08-26 08:45:08	WARN	importfits::::ImageFITSConverter+	 (note: use the whichhdu parameter to address HDUs directly)
2026-08-26 08:45:08	SEVERE	importfits::image::fromfits (file src/tools/image/image_cmpt.cc, line 2411)	Exception Reported: Exception: There are 1 HDUs in FITS file alma_rotating_expanding_envelope.fits . None of them is a legible image..
2026-08-26 08:45:08	SEVERE	importfits::image::fromfits (file src/tools/image/image_cmpt.cc, line 2411)+	... thrown by static casa::SPIIF casa::ImageFactory::fromFITS(const casacore::String&, const casacore::String&, casacore::Int, casacore::Int, casacore::Bool, casacore::Bool) at File: /source/casa6/casatools/src/code/imageanalysis/ImageAnalysis/ImageFactory2.cc, line: 398
2026-08-26 08:45:08	SEVERE	importfits::::casa	Task importfits raised an exception of class RuntimeError with the following message: Exception: There are 1 HDUs in FITS file alma_rotating_expanding_envelope.fits . None of them is a legible image..
2026-08-26 08:45:08	SEVERE	importfits::::casa+	... thrown by static casa::SPIIF casa::ImageFactory::fromFITS(const casacore::String&, const casacore::String&, casacore::Int, casacore::Int, casacore::Bool, casacore::Bool) at File: /source/casa6/casatools/src/code/imageanalysis/ImageAnalysis/ImageFactory2.cc, line: 398
2026-08-26 08:45:08	INFO	importfits::::casa	Task importfits complete. Start time: 2026-08-26 10:45:08.247130 End time: 2026-08-26 10:45:08.275301
2026-08-26 08:45:08	INFO	importfits::::casa	##### End Task: importfits           #####
2026-08-26 08:45:08	INFO	importfits::::casa	##########################################
